// Jest Snapshot v1, https://goo.gl/fbAQLP

exports[`App renders without crashing 1`] = `
<View
  style={
    {
      "alignItems": "center",
      "backgroundColor": "#000000",
      "flex": 1,
      "justifyContent": "center",
      "paddingHorizontal": 20,
    }
  }
>
  <View
    style={
      {
        "alignItems": "center",
        "marginBottom": 20,
      }
    }
  >
    <Text
      style={
        {
          "color": "#00FF00",
          "fontFamily": "monospace",
          "fontSize": 48,
          "fontWeight": "bold",
          "marginBottom": 10,
          "textAlign": "center",
        }
      }
    >
      MOUNTAIN SHOOT
    </Text>
    <Text
      style={
        {
          "color": "#FFFFFF",
          "fontFamily": "monospace",
          "fontSize": 24,
          "marginBottom": 20,
          "textAlign": "center",
        }
      }
    >
      Artillery Game
    </Text>
    <Text
      style={
        {
          "color": "#CCCCCC",
          "fontFamily": "monospace",
          "fontSize": 16,
          "lineHeight": 24,
          "textAlign": "center",
        }
      }
    >
      Two-player artillery game
      

      Take turns firing at your opponent
      

      First hit wins the round!
    </Text>
  </View>
  <View
    style={
      {
        "alignItems": "center",
        "marginBottom": 20,
      }
    }
  >
    <Text
      style={
        {
          "color": "#FFFF00",
          "fontFamily": "monospace",
          "fontSize": 16,
          "marginBottom": 5,
          "textAlign": "center",
        }
      }
    >
      Game waiting
    </Text>
    <Text
      style={
        {
          "color": "#00FFFF",
          "fontFamily": "monospace",
          "fontSize": 14,
          "textAlign": "center",
        }
      }
    >
      Player 1: 
      0
       wins | Player 2: 
      0
       wins
    </Text>
  </View>
  <View
    style={
      {
        "flexDirection": "row",
        "justifyContent": "space-around",
        "marginBottom": 20,
        "width": "100%",
      }
    }
  >
    <View
      accessibilityState={
        {
          "busy": undefined,
          "checked": undefined,
          "disabled": false,
          "expanded": undefined,
          "selected": undefined,
        }
      }
      accessibilityValue={
        {
          "max": undefined,
          "min": undefined,
          "now": undefined,
          "text": undefined,
        }
      }
      accessible={true}
      collapsable={false}
      focusable={true}
      onClick={[Function]}
      onResponderGrant={[Function]}
      onResponderMove={[Function]}
      onResponderRelease={[Function]}
      onResponderTerminate={[Function]}
      onResponderTerminationRequest={[Function]}
      onStartShouldSetResponder={[Function]}
      style={
        {
          "backgroundColor": "#003300",
          "borderColor": "#00FF00",
          "borderRadius": 5,
          "borderWidth": 2,
          "opacity": 1,
          "paddingHorizontal": 20,
          "paddingVertical": 10,
        }
      }
    >
      <Text
        style={
          {
            "color": "#FFFFFF",
            "fontFamily": "monospace",
            "fontSize": 14,
            "textAlign": "center",
          }
        }
      >
        Start Game
      </Text>
    </View>
    <View
      accessibilityState={
        {
          "busy": undefined,
          "checked": undefined,
          "disabled": true,
          "expanded": undefined,
          "selected": undefined,
        }
      }
      accessibilityValue={
        {
          "max": undefined,
          "min": undefined,
          "now": undefined,
          "text": undefined,
        }
      }
      accessible={true}
      collapsable={false}
      focusable={true}
      onClick={[Function]}
      onResponderGrant={[Function]}
      onResponderMove={[Function]}
      onResponderRelease={[Function]}
      onResponderTerminate={[Function]}
      onResponderTerminationRequest={[Function]}
      onStartShouldSetResponder={[Function]}
      style={
        {
          "backgroundColor": "#333333",
          "borderColor": "#666666",
          "borderRadius": 5,
          "borderWidth": 2,
          "opacity": 1,
          "paddingHorizontal": 20,
          "paddingVertical": 10,
        }
      }
    >
      <Text
        style={
          {
            "color": "#FFFFFF",
            "fontFamily": "monospace",
            "fontSize": 14,
            "textAlign": "center",
          }
        }
      >
        Aim
      </Text>
    </View>
    <View
      accessibilityState={
        {
          "busy": undefined,
          "checked": undefined,
          "disabled": true,
          "expanded": undefined,
          "selected": undefined,
        }
      }
      accessibilityValue={
        {
          "max": undefined,
          "min": undefined,
          "now": undefined,
          "text": undefined,
        }
      }
      accessible={true}
      collapsable={false}
      focusable={true}
      onClick={[Function]}
      onResponderGrant={[Function]}
      onResponderMove={[Function]}
      onResponderRelease={[Function]}
      onResponderTerminate={[Function]}
      onResponderTerminationRequest={[Function]}
      onStartShouldSetResponder={[Function]}
      style={
        {
          "backgroundColor": "#333333",
          "borderColor": "#666666",
          "borderRadius": 5,
          "borderWidth": 2,
          "opacity": 1,
          "paddingHorizontal": 20,
          "paddingVertical": 10,
        }
      }
    >
      <Text
        style={
          {
            "color": "#FFFFFF",
            "fontFamily": "monospace",
            "fontSize": 14,
            "textAlign": "center",
          }
        }
      >
        Fire
      </Text>
    </View>
    <View
      accessibilityState={
        {
          "busy": undefined,
          "checked": undefined,
          "disabled": undefined,
          "expanded": undefined,
          "selected": undefined,
        }
      }
      accessibilityValue={
        {
          "max": undefined,
          "min": undefined,
          "now": undefined,
          "text": undefined,
        }
      }
      accessible={true}
      collapsable={false}
      focusable={true}
      onClick={[Function]}
      onResponderGrant={[Function]}
      onResponderMove={[Function]}
      onResponderRelease={[Function]}
      onResponderTerminate={[Function]}
      onResponderTerminationRequest={[Function]}
      onStartShouldSetResponder={[Function]}
      style={
        {
          "backgroundColor": "#330000",
          "borderColor": "#FF0000",
          "borderRadius": 5,
          "borderWidth": 2,
          "opacity": 1,
          "paddingHorizontal": 20,
          "paddingVertical": 10,
        }
      }
    >
      <Text
        style={
          {
            "color": "#FFFFFF",
            "fontFamily": "monospace",
            "fontSize": 14,
            "textAlign": "center",
          }
        }
      >
        Reset
      </Text>
    </View>
  </View>
  <View
    style={
      {
        "alignItems": "center",
        "backgroundColor": "#111111",
        "borderColor": "#333333",
        "borderRadius": 10,
        "borderWidth": 2,
        "flex": 1,
        "justifyContent": "center",
        "width": "100%",
      }
    }
  >
    <Text
      style={
        {
          "color": "#666666",
          "fontFamily": "monospace",
          "fontSize": 18,
          "marginBottom": 10,
        }
      }
    >
      Game Area - Coming Soon
    </Text>
    <Text
      style={
        {
          "color": "#888888",
          "fontFamily": "monospace",
          "fontSize": 12,
          "marginBottom": 10,
          "textAlign": "center",
        }
      }
    >
      Player 1 at (
      100
      , 
      300
      )
      

      Player 2 at (
      700
      , 
      300
      )
    </Text>
    <Text
      style={
        {
          "color": "#666666",
          "fontFamily": "monospace",
          "fontSize": 10,
          "textAlign": "center",
        }
      }
    >
      Turn Actions: Aimed=
      No
      , Fired=
      No
    </Text>
  </View>
</View>
`;
